Archive member included to satisfy reference by file (symbol)

c:/program files/st/stm32cubeide_1.3.0/stm32cubeide/plugins/com.st.stm32cube.ide.mcu.externaltools.gnu-tools-for-stm32.7-2018-q2-update.win32_1.0.0.201904181610/tools/bin/../lib/gcc/arm-none-eabi/7.3.1/../../../../arm-none-eabi/lib/thumb/v7e-m/fpv4-sp/hard\libc_nano.a(lib_a-errno.o)
                              Src/syscalls.o (__errno)
c:/program files/st/stm32cubeide_1.3.0/stm32cubeide/plugins/com.st.stm32cube.ide.mcu.externaltools.gnu-tools-for-stm32.7-2018-q2-update.win32_1.0.0.201904181610/tools/bin/../lib/gcc/arm-none-eabi/7.3.1/../../../../arm-none-eabi/lib/thumb/v7e-m/fpv4-sp/hard\libc_nano.a(lib_a-exit.o)
                              c:/program files/st/stm32cubeide_1.3.0/stm32cubeide/plugins/com.st.stm32cube.ide.mcu.externaltools.gnu-tools-for-stm32.7-2018-q2-update.win32_1.0.0.201904181610/tools/bin/../lib/gcc/arm-none-eabi/7.3.1/../../../../arm-none-eabi/lib/thumb/v7e-m/fpv4-sp/hard/crt0.o (exit)
c:/program files/st/stm32cubeide_1.3.0/stm32cubeide/plugins/com.st.stm32cube.ide.mcu.externaltools.gnu-tools-for-stm32.7-2018-q2-update.win32_1.0.0.201904181610/tools/bin/../lib/gcc/arm-none-eabi/7.3.1/../../../../arm-none-eabi/lib/thumb/v7e-m/fpv4-sp/hard\libc_nano.a(lib_a-impure.o)
                              c:/program files/st/stm32cubeide_1.3.0/stm32cubeide/plugins/com.st.stm32cube.ide.mcu.externaltools.gnu-tools-for-stm32.7-2018-q2-update.win32_1.0.0.201904181610/tools/bin/../lib/gcc/arm-none-eabi/7.3.1/../../../../arm-none-eabi/lib/thumb/v7e-m/fpv4-sp/hard\libc_nano.a(lib_a-exit.o) (_global_impure_ptr)
c:/program files/st/stm32cubeide_1.3.0/stm32cubeide/plugins/com.st.stm32cube.ide.mcu.externaltools.gnu-tools-for-stm32.7-2018-q2-update.win32_1.0.0.201904181610/tools/bin/../lib/gcc/arm-none-eabi/7.3.1/../../../../arm-none-eabi/lib/thumb/v7e-m/fpv4-sp/hard\libc_nano.a(lib_a-init.o)
                              c:/program files/st/stm32cubeide_1.3.0/stm32cubeide/plugins/com.st.stm32cube.ide.mcu.externaltools.gnu-tools-for-stm32.7-2018-q2-update.win32_1.0.0.201904181610/tools/bin/../lib/gcc/arm-none-eabi/7.3.1/../../../../arm-none-eabi/lib/thumb/v7e-m/fpv4-sp/hard/crt0.o (__libc_init_array)
c:/program files/st/stm32cubeide_1.3.0/stm32cubeide/plugins/com.st.stm32cube.ide.mcu.externaltools.gnu-tools-for-stm32.7-2018-q2-update.win32_1.0.0.201904181610/tools/bin/../lib/gcc/arm-none-eabi/7.3.1/../../../../arm-none-eabi/lib/thumb/v7e-m/fpv4-sp/hard\libc_nano.a(lib_a-memset.o)
                              c:/program files/st/stm32cubeide_1.3.0/stm32cubeide/plugins/com.st.stm32cube.ide.mcu.externaltools.gnu-tools-for-stm32.7-2018-q2-update.win32_1.0.0.201904181610/tools/bin/../lib/gcc/arm-none-eabi/7.3.1/../../../../arm-none-eabi/lib/thumb/v7e-m/fpv4-sp/hard/crt0.o (memset)

Allocating common symbols
Common symbol       size              file

hadc2               0x50              Src/main.o
uwTick              0x4               Drivers/STM32F3xx_HAL_Driver/Src/stm32f3xx_hal.o
pFlash              0x20              Drivers/STM32F3xx_HAL_Driver/Src/stm32f3xx_hal_flash.o
hadc1               0x50              Src/main.o
husart2             0x50              Src/main.o
htim2               0x40              Src/main.o
htim16              0x40              Src/main.o

Discarded input sections

 .text          0x0000000000000000        0x0 c:/program files/st/stm32cubeide_1.3.0/stm32cubeide/plugins/com.st.stm32cube.ide.mcu.externaltools.gnu-tools-for-stm32.7-2018-q2-update.win32_1.0.0.201904181610/tools/bin/../lib/gcc/arm-none-eabi/7.3.1/thumb/v7e-m/fpv4-sp/hard/crti.o
 .data          0x0000000000000000        0x0 c:/program files/st/stm32cubeide_1.3.0/stm32cubeide/plugins/com.st.stm32cube.ide.mcu.externaltools.gnu-tools-for-stm32.7-2018-q2-update.win32_1.0.0.201904181610/tools/bin/../lib/gcc/arm-none-eabi/7.3.1/thumb/v7e-m/fpv4-sp/hard/crti.o
 .bss           0x0000000000000000        0x0 c:/program files/st/stm32cubeide_1.3.0/stm32cubeide/plugins/com.st.stm32cube.ide.mcu.externaltools.gnu-tools-for-stm32.7-2018-q2-update.win32_1.0.0.201904181610/tools/bin/../lib/gcc/arm-none-eabi/7.3.1/thumb/v7e-m/fpv4-sp/hard/crti.o
 .data          0x0000000000000000        0x4 c:/program files/st/stm32cubeide_1.3.0/stm32cubeide/plugins/com.st.stm32cube.ide.mcu.externaltools.gnu-tools-for-stm32.7-2018-q2-update.win32_1.0.0.201904181610/tools/bin/../lib/gcc/arm-none-eabi/7.3.1/thumb/v7e-m/fpv4-sp/hard/crtbegin.o
 .text          0x0000000000000000       0x74 c:/program files/st/stm32cubeide_1.3.0/stm32cubeide/plugins/com.st.stm32cube.ide.mcu.externaltools.gnu-tools-for-stm32.7-2018-q2-update.win32_1.0.0.201904181610/tools/bin/../lib/gcc/arm-none-eabi/7.3.1/../../../../arm-none-eabi/lib/thumb/v7e-m/fpv4-sp/hard/crt0.o
[...]
Memory Configuration

Name             Origin             Length             Attributes
CCMRAM           0x0000000010000000 0x0000000000001000 xrw
RAM              0x0000000020000000 0x0000000000003000 xrw
FLASH            0x0000000008000000 0x0000000000010000 xr
*default*        0x0000000000000000 0xffffffffffffffff

Linker script and memory map

LOAD c:/program files/st/stm32cubeide_1.3.0/stm32cubeide/plugins/com.st.stm32cube.ide.mcu.externaltools.gnu-tools-for-stm32.7-2018-q2-update.win32_1.0.0.201904181610/tools/bin/../lib/gcc/arm-none-eabi/7.3.1/thumb/v7e-m/fpv4-sp/hard/crti.o
LOAD c:/program files/st/stm32cubeide_1.3.0/stm32cubeide/plugins/com.st.stm32cube.ide.mcu.externaltools.gnu-tools-for-stm32.7-2018-q2-update.win32_1.0.0.201904181610/tools/bin/../lib/gcc/arm-none-eabi/7.3.1/thumb/v7e-m/fpv4-sp/hard/crtbegin.o
LOAD c:/program files/st/stm32cubeide_1.3.0/stm32cubeide/plugins/com.st.stm32cube.ide.mcu.externaltools.gnu-tools-for-stm32.7-2018-q2-update.win32_1.0.0.201904181610/tools/bin/../lib/gcc/arm-none-eabi/7.3.1/../../../../arm-none-eabi/lib/thumb/v7e-m/fpv4-sp/hard/crt0.o
LOAD Drivers/STM32F3xx_HAL_Driver/Src/stm32f3xx_hal.o
LOAD Drivers/STM32F3xx_HAL_Driver/Src/stm32f3xx_hal_adc.o
LOAD Drivers/STM32F3xx_HAL_Driver/Src/stm32f3xx_hal_adc_ex.o
LOAD Drivers/STM32F3xx_HAL_Driver/Src/stm32f3xx_hal_cortex.o
LOAD Drivers/STM32F3xx_HAL_Driver/Src/stm32f3xx_hal_dma.o
LOAD Drivers/STM32F3xx_HAL_Driver/Src/stm32f3xx_hal_exti.o
LOAD Drivers/STM32F3xx_HAL_Driver/Src/stm32f3xx_hal_flash.o
LOAD Drivers/STM32F3xx_HAL_Driver/Src/stm32f3xx_hal_flash_ex.o
LOAD Drivers/STM32F3xx_HAL_Driver/Src/stm32f3xx_hal_gpio.o
LOAD Drivers/STM32F3xx_HAL_Driver/Src/stm32f3xx_hal_i2c.o
LOAD Drivers/STM32F3xx_HAL_Driver/Src/stm32f3xx_hal_i2c_ex.o
LOAD Drivers/STM32F3xx_HAL_Driver/Src/stm32f3xx_hal_pwr.o
LOAD Drivers/STM32F3xx_HAL_Driver/Src/stm32f3xx_hal_pwr_ex.o
LOAD Drivers/STM32F3xx_HAL_Driver/Src/stm32f3xx_hal_rcc.o
LOAD Drivers/STM32F3xx_HAL_Driver/Src/stm32f3xx_hal_rcc_ex.o
LOAD Drivers/STM32F3xx_HAL_Driver/Src/stm32f3xx_hal_tim.o
LOAD Drivers/STM32F3xx_HAL_Driver/Src/stm32f3xx_hal_tim_ex.o
LOAD Drivers/STM32F3xx_HAL_Driver/Src/stm32f3xx_hal_usart.o
LOAD Src/main.o
LOAD Src/stm32f3xx_hal_msp.o
LOAD Src/stm32f3xx_it.o
LOAD Src/syscalls.o
LOAD Src/sysmem.o
LOAD Src/system_stm32f3xx.o
LOAD Startup/startup_stm32f334r8tx.o
START GROUP
LOAD c:/program files/st/stm32cubeide_1.3.0/stm32cubeide/plugins/com.st.stm32cube.ide.mcu.externaltools.gnu-tools-for-stm32.7-2018-q2-update.win32_1.0.0.201904181610/tools/bin/../lib/gcc/arm-none-eabi/7.3.1/../../../../arm-none-eabi/lib/thumb/v7e-m/fpv4-sp/hard\libc_nano.a
LOAD c:/program files/st/stm32cubeide_1.3.0/stm32cubeide/plugins/com.st.stm32cube.ide.mcu.externaltools.gnu-tools-for-stm32.7-2018-q2-update.win32_1.0.0.201904181610/tools/bin/../lib/gcc/arm-none-eabi/7.3.1/../../../../arm-none-eabi/lib/thumb/v7e-m/fpv4-sp/hard\libm.a
END GROUP
START GROUP
LOAD c:/program files/st/stm32cubeide_1.3.0/stm32cubeide/plugins/com.st.stm32cube.ide.mcu.externaltools.gnu-tools-for-stm32.7-2018-q2-update.win32_1.0.0.201904181610/tools/bin/../lib/gcc/arm-none-eabi/7.3.1/thumb/v7e-m/fpv4-sp/hard\libgcc.a
LOAD c:/program files/st/stm32cubeide_1.3.0/stm32cubeide/plugins/com.st.stm32cube.ide.mcu.externaltools.gnu-tools-for-stm32.7-2018-q2-update.win32_1.0.0.201904181610/tools/bin/../lib/gcc/arm-none-eabi/7.3.1/../../../../arm-none-eabi/lib/thumb/v7e-m/fpv4-sp/hard\libc_nano.a
END GROUP
START GROUP
LOAD c:/program files/st/stm32cubeide_1.3.0/stm32cubeide/plugins/com.st.stm32cube.ide.mcu.externaltools.gnu-tools-for-stm32.7-2018-q2-update.win32_1.0.0.201904181610/tools/bin/../lib/gcc/arm-none-eabi/7.3.1/thumb/v7e-m/fpv4-sp/hard\libgcc.a
LOAD c:/program files/st/stm32cubeide_1.3.0/stm32cubeide/plugins/com.st.stm32cube.ide.mcu.externaltools.gnu-tools-for-stm32.7-2018-q2-update.win32_1.0.0.201904181610/tools/bin/../lib/gcc/arm-none-eabi/7.3.1/../../../../arm-none-eabi/lib/thumb/v7e-m/fpv4-sp/hard\libc_nano.a
LOAD c:/program files/st/stm32cubeide_1.3.0/stm32cubeide/plugins/com.st.stm32cube.ide.mcu.externaltools.gnu-tools-for-stm32.7-2018-q2-update.win32_1.0.0.201904181610/tools/bin/../lib/gcc/arm-none-eabi/7.3.1/../../../../arm-none-eabi/lib/thumb/v7e-m/fpv4-sp/hard\libnosys.a
END GROUP
START GROUP
LOAD c:/program files/st/stm32cubeide_1.3.0/stm32cubeide/plugins/com.st.stm32cube.ide.mcu.externaltools.gnu-tools-for-stm32.7-2018-q2-update.win32_1.0.0.201904181610/tools/bin/../lib/gcc/arm-none-eabi/7.3.1/thumb/v7e-m/fpv4-sp/hard\libgcc.a
LOAD c:/program files/st/stm32cubeide_1.3.0/stm32cubeide/plugins/com.st.stm32cube.ide.mcu.externaltools.gnu-tools-for-stm32.7-2018-q2-update.win32_1.0.0.201904181610/tools/bin/../lib/gcc/arm-none-eabi/7.3.1/../../../../arm-none-eabi/lib/thumb/v7e-m/fpv4-sp/hard\libc_nano.a
LOAD c:/program files/st/stm32cubeide_1.3.0/stm32cubeide/plugins/com.st.stm32cube.ide.mcu.externaltools.gnu-tools-for-stm32.7-2018-q2-update.win32_1.0.0.201904181610/tools/bin/../lib/gcc/arm-none-eabi/7.3.1/../../../../arm-none-eabi/lib/thumb/v7e-m/fpv4-sp/hard\libnosys.a
END GROUP
LOAD c:/program files/st/stm32cubeide_1.3.0/stm32cubeide/plugins/com.st.stm32cube.ide.mcu.externaltools.gnu-tools-for-stm32.7-2018-q2-update.win32_1.0.0.201904181610/tools/bin/../lib/gcc/arm-none-eabi/7.3.1/thumb/v7e-m/fpv4-sp/hard/crtend.o
LOAD c:/program files/st/stm32cubeide_1.3.0/stm32cubeide/plugins/com.st.stm32cube.ide.mcu.externaltools.gnu-tools-for-stm32.7-2018-q2-update.win32_1.0.0.201904181610/tools/bin/../lib/gcc/arm-none-eabi/7.3.1/thumb/v7e-m/fpv4-sp/hard/crtn.o
                0x0000000020003000                _estack = (ORIGIN (RAM) + LENGTH (RAM))
                0x0000000000000200                _Min_Heap_Size = 0x200
                0x0000000000000400                _Min_Stack_Size = 0x400

.isr_vector     0x0000000008000000      0x188
                0x0000000008000000                . = ALIGN (0x4)
 *(.isr_vector)
 .isr_vector    0x0000000008000000      0x188 Startup/startup_stm32f334r8tx.o
                0x0000000008000000                g_pfnVectors
                0x0000000008000188                . = ALIGN (0x4)

.text           0x0000000008000188     0x47c8
                0x0000000008000188                . = ALIGN (0x4)
 *(.text)
 .text          0x0000000008000188       0x40 c:/program files/st/stm32cubeide_1.3.0/stm32cubeide/plugins/com.st.stm32cube.ide.mcu.externaltools.gnu-tools-for-stm32.7-2018-q2-update.win32_1.0.0.201904181610/tools/bin/../lib/gcc/arm-none-eabi/7.3.1/thumb/v7e-m/fpv4-sp/hard/crtbegin.o
 *(.text*)
 .text.HAL_Init
                0x00000000080001c8       0x2c Drivers/STM32F3xx_HAL_Driver/Src/stm32f3xx_hal.o
                0x00000000080001c8                HAL_Init
 .text.HAL_InitTick
                0x00000000080001f4       0x60 Drivers/STM32F3xx_HAL_Driver/Src/stm32f3xx_hal.o
                0x00000000080001f4                HAL_InitTick
 .text.HAL_IncTick
                0x0000000008000254       0x28 Drivers/STM32F3xx_HAL_Driver/Src/stm32f3xx_hal.o
                0x0000000008000254                HAL_IncTick
 .text.HAL_GetTick
                0x000000000800027c       0x18 Drivers/STM32F3xx_HAL_Driver/Src/stm32f3xx_hal.o
                0x000000000800027c                HAL_GetTick
 .text.HAL_Delay
                0x0000000008000294       0x44 Drivers/STM32F3xx_HAL_Driver/Src/stm32f3xx_hal.o
                0x0000000008000294                HAL_Delay
 .text.HAL_ADC_Init
                0x00000000080002d8      0x324 Drivers/STM32F3xx_HAL_Driver/Src/stm32f3xx_hal_adc_ex.o
                0x00000000080002d8                HAL_ADC_Init
 .text.HAL_ADC_Start
                0x00000000080005fc      0x16c Drivers/STM32F3xx_HAL_Driver/Src/stm32f3xx_hal_adc_ex.o
                0x00000000080005fc                HAL_ADC_Start
 .text.HAL_ADC_PollForConversion
                0x0000000008000768      0x18c Drivers/STM32F3xx_HAL_Driver/Src/stm32f3xx_hal_adc_ex.o
                0x0000000008000768                HAL_ADC_PollForConversion
 .text.HAL_ADC_GetValue
                0x00000000080008f4       0x1a Drivers/STM32F3xx_HAL_Driver/Src/stm32f3xx_hal_adc_ex.o
                0x00000000080008f4                HAL_ADC_GetValue
 *fill*         0x000000000800090e        0x2 
 .text.HAL_ADC_ConfigChannel
                0x0000000008000910      0x584 Drivers/STM32F3xx_HAL_Driver/Src/stm32f3xx_hal_adc_ex.o
                0x0000000008000910                HAL_ADC_ConfigChannel
 .text.HAL_ADCEx_MultiModeConfigChannel
                0x0000000008000e94      0x18c Drivers/STM32F3xx_HAL_Driver/Src/stm32f3xx_hal_adc_ex.o
                0x0000000008000e94                HAL_ADCEx_MultiModeConfigChannel
 .text.ADC_Enable
                0x0000000008001020       0xbc Drivers/STM32F3xx_HAL_Driver/Src/stm32f3xx_hal_adc_ex.o
 .text.ADC_Disable
                0x00000000080010dc       0xbe Drivers/STM32F3xx_HAL_Driver/Src/stm32f3xx_hal_adc_ex.o
 *fill*         0x000000000800119a        0x2 
 .text.__NVIC_SetPriorityGrouping
                0x000000000800119c       0x48 Drivers/STM32F3xx_HAL_Driver/Src/stm32f3xx_hal_cortex.o
 .text.__NVIC_GetPriorityGrouping
                0x00000000080011e4       0x1c Drivers/STM32F3xx_HAL_Driver/Src/stm32f3xx_hal_cortex.o
 .text.__NVIC_SetPriority
                0x0000000008001200       0x54 Drivers/STM32F3xx_HAL_Driver/Src/stm32f3xx_hal_cortex.o
 .text.NVIC_EncodePriority
                0x0000000008001254       0x66 Drivers/STM32F3xx_HAL_Driver/Src/stm32f3xx_hal_cortex.o
 *fill*         0x00000000080012ba        0x2 
 .text.SysTick_Config
                0x00000000080012bc       0x44 Drivers/STM32F3xx_HAL_Driver/Src/stm32f3xx_hal_cortex.o
 .text.HAL_NVIC_SetPriorityGrouping
                0x0000000008001300       0x16 Drivers/STM32F3xx_HAL_Driver/Src/stm32f3xx_hal_cortex.o
                0x0000000008001300                HAL_NVIC_SetPriorityGrouping
 .text.HAL_NVIC_SetPriority
                0x0000000008001316       0x38 Drivers/STM32F3xx_HAL_Driver/Src/stm32f3xx_hal_cortex.o
                0x0000000008001316                HAL_NVIC_SetPriority
 .text.HAL_SYSTICK_Config
                0x000000000800134e       0x18 Drivers/STM32F3xx_HAL_Driver/Src/stm32f3xx_hal_cortex.o
                0x000000000800134e                HAL_SYSTICK_Config
 *fill*         0x0000000008001366        0x2 
 .text.HAL_GPIO_Init
                0x0000000008001368      0x2e4 Drivers/STM32F3xx_HAL_Driver/Src/stm32f3xx_hal_gpio.o
                0x0000000008001368                HAL_GPIO_Init
 .text.HAL_GPIO_WritePin
                0x000000000800164c       0x30 Drivers/STM32F3xx_HAL_Driver/Src/stm32f3xx_hal_gpio.o
                0x000000000800164c                HAL_GPIO_WritePin
 .text.HAL_RCC_OscConfig
                0x000000000800167c      0xe10 Drivers/STM32F3xx_HAL_Driver/Src/stm32f3xx_hal_rcc.o
                0x000000000800167c                HAL_RCC_OscConfig
 .text.HAL_RCC_ClockConfig
                0x000000000800248c      0x2f8 Drivers/STM32F3xx_HAL_Driver/Src/stm32f3xx_hal_rcc.o
                0x000000000800248c                HAL_RCC_ClockConfig
 .text.HAL_RCC_GetSysClockFreq
                0x0000000008002784       0xd4 Drivers/STM32F3xx_HAL_Driver/Src/stm32f3xx_hal_rcc.o
                0x0000000008002784                HAL_RCC_GetSysClockFreq
 .text.HAL_RCC_GetHCLKFreq
                0x0000000008002858       0x18 Drivers/STM32F3xx_HAL_Driver/Src/stm32f3xx_hal_rcc.o
                0x0000000008002858                HAL_RCC_GetHCLKFreq
 .text.HAL_RCC_GetPCLK1Freq
                0x0000000008002870       0x44 Drivers/STM32F3xx_HAL_Driver/Src/stm32f3xx_hal_rcc.o
                0x0000000008002870                HAL_RCC_GetPCLK1Freq
 .text.HAL_RCC_GetPCLK2Freq
                0x00000000080028b4       0x44 Drivers/STM32F3xx_HAL_Driver/Src/stm32f3xx_hal_rcc.o
                0x00000000080028b4                HAL_RCC_GetPCLK2Freq
 .text.HAL_RCCEx_PeriphCLKConfig
                0x00000000080028f8      0x26c Drivers/STM32F3xx_HAL_Driver/Src/stm32f3xx_hal_rcc_ex.o
                0x00000000080028f8                HAL_RCCEx_PeriphCLKConfig
 .text.HAL_TIM_Base_Init
                0x0000000008002b64       0x56 Drivers/STM32F3xx_HAL_Driver/Src/stm32f3xx_hal_tim.o
                0x0000000008002b64                HAL_TIM_Base_Init
 .text.HAL_TIM_PWM_Init
                0x0000000008002bba       0x56 Drivers/STM32F3xx_HAL_Driver/Src/stm32f3xx_hal_tim.o
                0x0000000008002bba                HAL_TIM_PWM_Init
 .text.HAL_TIM_PWM_MspInit
                0x0000000008002c10       0x14 Drivers/STM32F3xx_HAL_Driver/Src/stm32f3xx_hal_tim.o
                0x0000000008002c10                HAL_TIM_PWM_MspInit
 .text.HAL_TIM_PWM_ConfigChannel
                0x0000000008002c24      0x230 Drivers/STM32F3xx_HAL_Driver/Src/stm32f3xx_hal_tim.o
                0x0000000008002c24                HAL_TIM_PWM_ConfigChannel
 .text.HAL_TIM_ConfigClockSource
                0x0000000008002e54      0x172 Drivers/STM32F3xx_HAL_Driver/Src/stm32f3xx_hal_tim.o
                0x0000000008002e54                HAL_TIM_ConfigClockSource
 *fill*         0x0000000008002fc6        0x2 
 .text.TIM_Base_SetConfig
                0x0000000008002fc8       0xf0 Drivers/STM32F3xx_HAL_Driver/Src/stm32f3xx_hal_tim.o
                0x0000000008002fc8                TIM_Base_SetConfig
 .text.TIM_OC1_SetConfig
                0x00000000080030b8      0x10c Drivers/STM32F3xx_HAL_Driver/Src/stm32f3xx_hal_tim.o
 .text.TIM_OC2_SetConfig
                0x00000000080031c4      0x100 Drivers/STM32F3xx_HAL_Driver/Src/stm32f3xx_hal_tim.o
                0x00000000080031c4                TIM_OC2_SetConfig
 .text.TIM_OC3_SetConfig
                0x00000000080032c4       0xfc Drivers/STM32F3xx_HAL_Driver/Src/stm32f3xx_hal_tim.o
 .text.TIM_OC4_SetConfig
                0x00000000080033c0       0xc8 Drivers/STM32F3xx_HAL_Driver/Src/stm32f3xx_hal_tim.o
 .text.TIM_OC5_SetConfig
                0x0000000008003488       0xbc Drivers/STM32F3xx_HAL_Driver/Src/stm32f3xx_hal_tim.o
 .text.TIM_OC6_SetConfig
                0x0000000008003544       0xc0 Drivers/STM32F3xx_HAL_Driver/Src/stm32f3xx_hal_tim.o
 .text.TIM_TI1_ConfigInputStage
                0x0000000008003604       0x5e Drivers/STM32F3xx_HAL_Driver/Src/stm32f3xx_hal_tim.o
 .text.TIM_TI2_ConfigInputStage
                0x0000000008003662       0x60 Drivers/STM32F3xx_HAL_Driver/Src/stm32f3xx_hal_tim.o
 .text.TIM_ITRx_SetConfig
                0x00000000080036c2       0x36 Drivers/STM32F3xx_HAL_Driver/Src/stm32f3xx_hal_tim.o
 .text.TIM_ETR_SetConfig
                0x00000000080036f8       0x40 Drivers/STM32F3xx_HAL_Driver/Src/stm32f3xx_hal_tim.o
                0x00000000080036f8                TIM_ETR_SetConfig
 .text.HAL_TIMEx_MasterConfigSynchronization
                0x0000000008003738       0xdc Drivers/STM32F3xx_HAL_Driver/Src/stm32f3xx_hal_tim_ex.o
                0x0000000008003738                HAL_TIMEx_MasterConfigSynchronization
 .text.HAL_TIMEx_ConfigBreakDeadTime
                0x0000000008003814       0xf0 Drivers/STM32F3xx_HAL_Driver/Src/stm32f3xx_hal_tim_ex.o
                0x0000000008003814                HAL_TIMEx_ConfigBreakDeadTime
 .text.HAL_USART_Init
                0x0000000008003904       0x94 Drivers/STM32F3xx_HAL_Driver/Src/stm32f3xx_hal_usart.o
                0x0000000008003904                HAL_USART_Init
 .text.USART_WaitOnFlagUntilTimeout
                0x0000000008003998       0x6c Drivers/STM32F3xx_HAL_Driver/Src/stm32f3xx_hal_usart.o
 .text.USART_SetConfig
                0x0000000008003a04      0x20c Drivers/STM32F3xx_HAL_Driver/Src/stm32f3xx_hal_usart.o
 .text.USART_CheckIdleState
                0x0000000008003c10       0x86 Drivers/STM32F3xx_HAL_Driver/Src/stm32f3xx_hal_usart.o
 .text.map.9250
                0x0000000008003c96       0x3c Src/main.o
 *fill*         0x0000000008003cd2        0x2 
 .text.main     0x0000000008003cd4      0x23c Src/main.o
                0x0000000008003cd4                main
 .text.SystemClock_Config
                0x0000000008003f10       0xbc Src/main.o
                0x0000000008003f10                SystemClock_Config
 .text.MX_ADC1_Init
                0x0000000008003fcc      0x118 Src/main.o
 .text.MX_ADC2_Init
                0x00000000080040e4       0xbc Src/main.o
 .text.MX_TIM2_Init
                0x00000000080041a0       0xec Src/main.o
 .text.MX_TIM16_Init
                0x000000000800428c       0xf0 Src/main.o
 .text.MX_USART2_Init
                0x000000000800437c       0x58 Src/main.o
 .text.MX_GPIO_Init
                0x00000000080043d4       0xd0 Src/main.o
 .text.Error_Handler
                0x00000000080044a4        0xe Src/main.o
                0x00000000080044a4                Error_Handler
 *fill*         0x00000000080044b2        0x2 
 .text.HAL_MspInit
                0x00000000080044b4       0x48 Src/stm32f3xx_hal_msp.o
                0x00000000080044b4                HAL_MspInit
 .text.HAL_ADC_MspInit
                0x00000000080044fc      0x130 Src/stm32f3xx_hal_msp.o
                0x00000000080044fc                HAL_ADC_MspInit
 .text.HAL_TIM_Base_MspInit
                0x000000000800462c       0x64 Src/stm32f3xx_hal_msp.o
                0x000000000800462c                HAL_TIM_Base_MspInit
 .text.HAL_TIM_MspPostInit
                0x0000000008004690       0xb4 Src/stm32f3xx_hal_msp.o
                0x0000000008004690                HAL_TIM_MspPostInit
 .text.HAL_USART_MspInit
                0x0000000008004744       0xc0 Src/stm32f3xx_hal_msp.o
                0x0000000008004744                HAL_USART_MspInit
 .text.NMI_Handler
                0x0000000008004804        0xe Src/stm32f3xx_it.o
                0x0000000008004804                NMI_Handler
 .text.HardFault_Handler
                0x0000000008004812        0x6 Src/stm32f3xx_it.o
                0x0000000008004812                HardFault_Handler
 .text.MemManage_Handler
                0x0000000008004818        0x6 Src/stm32f3xx_it.o
                0x0000000008004818                MemManage_Handler
 .text.BusFault_Handler
                0x000000000800481e        0x6 Src/stm32f3xx_it.o
                0x000000000800481e                BusFault_Handler
 .text.UsageFault_Handler
                0x0000000008004824        0x6 Src/stm32f3xx_it.o
                0x0000000008004824                UsageFault_Handler
 .text.SVC_Handler
                0x000000000800482a        0xe Src/stm32f3xx_it.o
                0x000000000800482a                SVC_Handler
 .text.DebugMon_Handler
                0x0000000008004838        0xe Src/stm32f3xx_it.o
                0x0000000008004838                DebugMon_Handler
 .text.PendSV_Handler
                0x0000000008004846        0xe Src/stm32f3xx_it.o
                0x0000000008004846                PendSV_Handler
 .text.SysTick_Handler
                0x0000000008004854        0xc Src/stm32f3xx_it.o
                0x0000000008004854                SysTick_Handler
 .text.SystemInit
                0x0000000008004860       0x2c Src/system_stm32f3xx.o
                0x0000000008004860                SystemInit
 .text.Reset_Handler
                0x000000000800488c       0x50 Startup/startup_stm32f334r8tx.o
                0x000000000800488c                Reset_Handler
 .text.Default_Handler
                0x00000000080048dc        0x2 Startup/startup_stm32f334r8tx.o
                0x00000000080048dc                RTC_Alarm_IRQHandler
                0x00000000080048dc                HRTIM1_Master_IRQHandler
                0x00000000080048dc                TIM1_CC_IRQHandler
                0x00000000080048dc                HRTIM1_FLT_IRQHandler
                0x00000000080048dc                PVD_IRQHandler
                0x00000000080048dc                HRTIM1_TIMD_IRQHandler
                0x00000000080048dc                TAMP_STAMP_IRQHandler
                0x00000000080048dc                EXTI3_IRQHandler
                0x00000000080048dc                EXTI0_IRQHandler
                0x00000000080048dc                FPU_IRQHandler
                0x00000000080048dc                CAN_TX_IRQHandler
                0x00000000080048dc                TIM1_UP_TIM16_IRQHandler
                0x00000000080048dc                ADC1_2_IRQHandler
                0x00000000080048dc                HRTIM1_TIME_IRQHandler
                0x00000000080048dc                SPI1_IRQHandler
                0x00000000080048dc                CAN_SCE_IRQHandler
                0x00000000080048dc                HRTIM1_TIMC_IRQHandler
                0x00000000080048dc                DMA1_Channel4_IRQHandler
                0x00000000080048dc                USART3_IRQHandler
                0x00000000080048dc                DMA1_Channel7_IRQHandler
                0x00000000080048dc                TIM7_DAC2_IRQHandler
                0x00000000080048dc                CAN_RX1_IRQHandler
                0x00000000080048dc                I2C1_EV_IRQHandler
                0x00000000080048dc                DMA1_Channel6_IRQHandler
                0x00000000080048dc                TIM3_IRQHandler
                0x00000000080048dc                RCC_IRQHandler
                0x00000000080048dc                DMA1_Channel1_IRQHandler
                0x00000000080048dc                Default_Handler
                0x00000000080048dc                EXTI15_10_IRQHandler
                0x00000000080048dc                COMP2_IRQHandler
                0x00000000080048dc                HRTIM1_TIMA_IRQHandler
                0x00000000080048dc                TIM6_DAC1_IRQHandler
                0x00000000080048dc                EXTI9_5_IRQHandler
                0x00000000080048dc                RTC_WKUP_IRQHandler
                0x00000000080048dc                DMA1_Channel5_IRQHandler
                0x00000000080048dc                EXTI4_IRQHandler
                0x00000000080048dc                HRTIM1_TIMB_IRQHandler
                0x00000000080048dc                TIM1_TRG_COM_TIM17_IRQHandler
                0x00000000080048dc                DMA1_Channel3_IRQHandler
                0x00000000080048dc                WWDG_IRQHandler
                0x00000000080048dc                TIM2_IRQHandler
                0x00000000080048dc                EXTI1_IRQHandler
                0x00000000080048dc                COMP4_6_IRQHandler
                0x00000000080048dc                USART2_IRQHandler
                0x00000000080048dc                DMA1_Channel2_IRQHandler
                0x00000000080048dc                FLASH_IRQHandler
                0x00000000080048dc                USART1_IRQHandler
                0x00000000080048dc                CAN_RX0_IRQHandler
                0x00000000080048dc                I2C1_ER_IRQHandler
                0x00000000080048dc                EXTI2_TSC_IRQHandler
                0x00000000080048dc                TIM1_BRK_TIM15_IRQHandler
 *fill*         0x00000000080048de        0x2 
 .text.__libc_init_array
                0x00000000080048e0       0x48 c:/program files/st/stm32cubeide_1.3.0/stm32cubeide/plugins/com.st.stm32cube.ide.mcu.externaltools.gnu-tools-for-stm32.7-2018-q2-update.win32_1.0.0.201904181610/tools/bin/../lib/gcc/arm-none-eabi/7.3.1/../../../../arm-none-eabi/lib/thumb/v7e-m/fpv4-sp/hard\libc_nano.a(lib_a-init.o)
                0x00000000080048e0                __libc_init_array
 .text.memset   0x0000000008004928       0x10 c:/program files/st/stm32cubeide_1.3.0/stm32cubeide/plugins/com.st.stm32cube.ide.mcu.externaltools.gnu-tools-for-stm32.7-2018-q2-update.win32_1.0.0.201904181610/tools/bin/../lib/gcc/arm-none-eabi/7.3.1/../../../../arm-none-eabi/lib/thumb/v7e-m/fpv4-sp/hard\libc_nano.a(lib_a-memset.o)
                0x0000000008004928                memset
 *(.glue_7)
 .glue_7        0x0000000008004938        0x0 linker stubs
 *(.glue_7t)
 .glue_7t       0x0000000008004938        0x0 linker stubs
 *(.eh_frame)
 .eh_frame      0x0000000008004938        0x0 c:/program files/st/stm32cubeide_1.3.0/stm32cubeide/plugins/com.st.stm32cube.ide.mcu.externaltools.gnu-tools-for-stm32.7-2018-q2-update.win32_1.0.0.201904181610/tools/bin/../lib/gcc/arm-none-eabi/7.3.1/thumb/v7e-m/fpv4-sp/hard/crtbegin.o
 *(.init)
 .init          0x0000000008004938        0x4 c:/program files/st/stm32cubeide_1.3.0/stm32cubeide/plugins/com.st.stm32cube.ide.mcu.externaltools.gnu-tools-for-stm32.7-2018-q2-update.win32_1.0.0.201904181610/tools/bin/../lib/gcc/arm-none-eabi/7.3.1/thumb/v7e-m/fpv4-sp/hard/crti.o
                0x0000000008004938                _init
 .init          0x000000000800493c        0x8 c:/program files/st/stm32cubeide_1.3.0/stm32cubeide/plugins/com.st.stm32cube.ide.mcu.externaltools.gnu-tools-for-stm32.7-2018-q2-update.win32_1.0.0.201904181610/tools/bin/../lib/gcc/arm-none-eabi/7.3.1/thumb/v7e-m/fpv4-sp/hard/crtn.o
 *(.fini)
 .fini          0x0000000008004944        0x4 c:/program files/st/stm32cubeide_1.3.0/stm32cubeide/plugins/com.st.stm32cube.ide.mcu.externaltools.gnu-tools-for-stm32.7-2018-q2-update.win32_1.0.0.201904181610/tools/bin/../lib/gcc/arm-none-eabi/7.3.1/thumb/v7e-m/fpv4-sp/hard/crti.o
                0x0000000008004944                _fini
 .fini          0x0000000008004948        0x8 c:/program files/st/stm32cubeide_1.3.0/stm32cubeide/plugins/com.st.stm32cube.ide.mcu.externaltools.gnu-tools-for-stm32.7-2018-q2-update.win32_1.0.0.201904181610/tools/bin/../lib/gcc/arm-none-eabi/7.3.1/thumb/v7e-m/fpv4-sp/hard/crtn.o
                0x0000000008004950                . = ALIGN (0x4)
                0x0000000008004950                _etext = .

.vfp11_veneer   0x0000000008004950        0x0
 .vfp11_veneer  0x0000000008004950        0x0 linker stubs

.v4_bx          0x0000000008004950        0x0
 .v4_bx         0x0000000008004950        0x0 linker stubs

.iplt           0x0000000008004950        0x0
 .iplt          0x0000000008004950        0x0 c:/program files/st/stm32cubeide_1.3.0/stm32cubeide/plugins/com.st.stm32cube.ide.mcu.externaltools.gnu-tools-for-stm32.7-2018-q2-update.win32_1.0.0.201904181610/tools/bin/../lib/gcc/arm-none-eabi/7.3.1/thumb/v7e-m/fpv4-sp/hard/crtbegin.o

.rodata         0x0000000008004950       0x38
                0x0000000008004950                . = ALIGN (0x4)
 *(.rodata)
 *(.rodata*)
 .rodata.aPLLMULFactorTable
                0x0000000008004950       0x10 Drivers/STM32F3xx_HAL_Driver/Src/stm32f3xx_hal_rcc.o
                0x0000000008004950                aPLLMULFactorTable
 .rodata.aPredivFactorTable
                0x0000000008004960       0x10 Drivers/STM32F3xx_HAL_Driver/Src/stm32f3xx_hal_rcc.o
                0x0000000008004960                aPredivFactorTable
 .rodata.AHBPrescTable
                0x0000000008004970       0x10 Src/system_stm32f3xx.o
                0x0000000008004970                AHBPrescTable
 .rodata.APBPrescTable
                0x0000000008004980        0x8 Src/system_stm32f3xx.o
                0x0000000008004980                APBPrescTable
                0x0000000008004988                . = ALIGN (0x4)

.rel.dyn        0x0000000008004988        0x0
 .rel.iplt      0x0000000008004988        0x0 c:/program files/st/stm32cubeide_1.3.0/stm32cubeide/plugins/com.st.stm32cube.ide.mcu.externaltools.gnu-tools-for-stm32.7-2018-q2-update.win32_1.0.0.201904181610/tools/bin/../lib/gcc/arm-none-eabi/7.3.1/thumb/v7e-m/fpv4-sp/hard/crtbegin.o

.ARM.extab      0x0000000008004988        0x0
                0x0000000008004988                . = ALIGN (0x4)
 *(.ARM.extab* .gnu.linkonce.armextab.*)
                0x0000000008004988                . = ALIGN (0x4)

.ARM            0x0000000008004988        0x0
                0x0000000008004988                . = ALIGN (0x4)
                0x0000000008004988                __exidx_start = .
 *(.ARM.exidx*)
                0x0000000008004988                __exidx_end = .
                0x0000000008004988                . = ALIGN (0x4)

.preinit_array  0x0000000008004988        0x0
                0x0000000008004988                . = ALIGN (0x4)
                0x0000000008004988                PROVIDE (__preinit_array_start = .)
 *(.preinit_array*)
                0x0000000008004988                PROVIDE (__preinit_array_end = .)
                0x0000000008004988                . = ALIGN (0x4)

.init_array     0x0000000008004988        0x4
                0x0000000008004988                . = ALIGN (0x4)
                0x0000000008004988                PROVIDE (__init_array_start = .)
 *(SORT_BY_NAME(.init_array.*))
 *(.init_array*)
 .init_array    0x0000000008004988        0x4 c:/program files/st/stm32cubeide_1.3.0/stm32cubeide/plugins/com.st.stm32cube.ide.mcu.externaltools.gnu-tools-for-stm32.7-2018-q2-update.win32_1.0.0.201904181610/tools/bin/../lib/gcc/arm-none-eabi/7.3.1/thumb/v7e-m/fpv4-sp/hard/crtbegin.o
                0x000000000800498c                PROVIDE (__init_array_end = .)
                0x000000000800498c                . = ALIGN (0x4)

.fini_array     0x000000000800498c        0x4
                0x000000000800498c                . = ALIGN (0x4)
                [!provide]                        PROVIDE (__fini_array_start = .)
 *(SORT_BY_NAME(.fini_array.*))
 *(.fini_array*)
 .fini_array    0x000000000800498c        0x4 c:/program files/st/stm32cubeide_1.3.0/stm32cubeide/plugins/com.st.stm32cube.ide.mcu.externaltools.gnu-tools-for-stm32.7-2018-q2-update.win32_1.0.0.201904181610/tools/bin/../lib/gcc/arm-none-eabi/7.3.1/thumb/v7e-m/fpv4-sp/hard/crtbegin.o
                [!provide]                        PROVIDE (__fini_array_end = .)
                0x0000000008004990                . = ALIGN (0x4)
                0x0000000008004990                _sidata = LOADADDR (.data)

.data           0x0000000020000000        0xc load address 0x0000000008004990
                0x0000000020000000                . = ALIGN (0x4)
                0x0000000020000000                _sdata = .
 *(.data)
 *(.data*)
 .data.uwTickPrio
                0x0000000020000000        0x4 Drivers/STM32F3xx_HAL_Driver/Src/stm32f3xx_hal.o
                0x0000000020000000                uwTickPrio
 .data.uwTickFreq
                0x0000000020000004        0x1 Drivers/STM32F3xx_HAL_Driver/Src/stm32f3xx_hal.o
                0x0000000020000004                uwTickFreq
 *fill*         0x0000000020000005        0x3 
 .data.SystemCoreClock
                0x0000000020000008        0x4 Src/system_stm32f3xx.o
                0x0000000020000008                SystemCoreClock
                0x000000002000000c                . = ALIGN (0x4)
                0x000000002000000c                _edata = .

.igot.plt       0x000000002000000c        0x0 load address 0x000000000800499c
 .igot.plt      0x000000002000000c        0x0 c:/program files/st/stm32cubeide_1.3.0/stm32cubeide/plugins/com.st.stm32cube.ide.mcu.externaltools.gnu-tools-for-stm32.7-2018-q2-update.win32_1.0.0.201904181610/tools/bin/../lib/gcc/arm-none-eabi/7.3.1/thumb/v7e-m/fpv4-sp/hard/crtbegin.o
                0x000000002000000c                . = ALIGN (0x4)

.bss            0x000000002000000c      0x194 load address 0x000000000800499c
                0x000000002000000c                _sbss = .
                0x000000002000000c                __bss_start__ = _sbss
 *(.bss)
 .bss           0x000000002000000c       0x1c c:/program files/st/stm32cubeide_1.3.0/stm32cubeide/plugins/com.st.stm32cube.ide.mcu.externaltools.gnu-tools-for-stm32.7-2018-q2-update.win32_1.0.0.201904181610/tools/bin/../lib/gcc/arm-none-eabi/7.3.1/thumb/v7e-m/fpv4-sp/hard/crtbegin.o
 *(.bss*)
 .bss.HAL_RCC_ADC12_CLK_ENABLED
                0x0000000020000028        0x4 Src/stm32f3xx_hal_msp.o
 *(COMMON)
 COMMON         0x000000002000002c        0x4 Drivers/STM32F3xx_HAL_Driver/Src/stm32f3xx_hal.o
                0x000000002000002c                uwTick
 COMMON         0x0000000020000030      0x170 Src/main.o
                0x0000000020000030                hadc2
                0x0000000020000080                hadc1
                0x00000000200000d0                husart2
                0x0000000020000120                htim2
                0x0000000020000160                htim16
                0x00000000200001a0                . = ALIGN (0x4)
                0x00000000200001a0                _ebss = .
                0x00000000200001a0                __bss_end__ = _ebss

._user_heap_stack
                0x00000000200001a0      0x600 load address 0x000000000800499c
                0x00000000200001a0                . = ALIGN (0x8)
                0x00000000200001a0                PROVIDE (end = .)
                [!provide]                        PROVIDE (_end = .)
                0x00000000200003a0                . = (. + _Min_Heap_Size)
 *fill*         0x00000000200001a0      0x200 
                0x00000000200007a0                . = (. + _Min_Stack_Size)
 *fill*         0x00000000200003a0      0x400 
                0x00000000200007a0                . = ALIGN (0x8)

/DISCARD/
 libc.a(*)
 libm.a(*)
 libgcc.a(*)

.ARM.attributes
                0x0000000000000000       0x30
 *(.ARM.attributes)
 .ARM.attributes
                0x0000000000000000       0x22 c:/program files/st/stm32cubeide_1.3.0/stm32cubeide/plugins/com.st.stm32cube.ide.mcu.externaltools.gnu-tools-for-stm32.7-2018-q2-update.win32_1.0.0.201904181610/tools/bin/../lib/gcc/arm-none-eabi/7.3.1/thumb/v7e-m/fpv4-sp/hard/crti.o
 .ARM.attributes
                0x0000000000000022       0x34 c:/program files/st/stm32cubeide_1.3.0/stm32cubeide/plugins/com.st.stm32cube.ide.mcu.externaltools.gnu-tools-for-stm32.7-2018-q2-update.win32_1.0.0.201904181610/tools/bin/../lib/gcc/arm-none-eabi/7.3.1/thumb/v7e-m/fpv4-sp/hard/crtbegin.o
 .ARM.attributes
                0x0000000000000056       0x39 Drivers/STM32F3xx_HAL_Driver/Src/stm32f3xx_hal.o
 .ARM.attributes
                0x000000000000008f       0x39 Drivers/STM32F3xx_HAL_Driver/Src/stm32f3xx_hal_adc_ex.o
 .ARM.attributes
                0x00000000000000c8       0x39 Drivers/STM32F3xx_HAL_Driver/Src/stm32f3xx_hal_cortex.o
 .ARM.attributes
                0x0000000000000101       0x39 Drivers/STM32F3xx_HAL_Driver/Src/stm32f3xx_hal_gpio.o
 .ARM.attributes
                0x000000000000013a       0x39 Drivers/STM32F3xx_HAL_Driver/Src/stm32f3xx_hal_rcc.o
 .ARM.attributes
                0x0000000000000173       0x39 Drivers/STM32F3xx_HAL_Driver/Src/stm32f3xx_hal_rcc_ex.o
 .ARM.attributes
                0x00000000000001ac       0x39 Drivers/STM32F3xx_HAL_Driver/Src/stm32f3xx_hal_tim.o
 .ARM.attributes
                0x00000000000001e5       0x39 Drivers/STM32F3xx_HAL_Driver/Src/stm32f3xx_hal_tim_ex.o
 .ARM.attributes
                0x000000000000021e       0x39 Drivers/STM32F3xx_HAL_Driver/Src/stm32f3xx_hal_usart.o
 .ARM.attributes
                0x0000000000000257       0x39 Src/main.o
 .ARM.attributes
                0x0000000000000290       0x39 Src/stm32f3xx_hal_msp.o
 .ARM.attributes
                0x00000000000002c9       0x39 Src/stm32f3xx_it.o
 .ARM.attributes
                0x0000000000000302       0x39 Src/system_stm32f3xx.o
 .ARM.attributes
                0x000000000000033b       0x21 Startup/startup_stm32f334r8tx.o
 .ARM.attributes
                0x000000000000035c       0x34 c:/program files/st/stm32cubeide_1.3.0/stm32cubeide/plugins/com.st.stm32cube.ide.mcu.externaltools.gnu-tools-for-stm32.7-2018-q2-update.win32_1.0.0.201904181610/tools/bin/../lib/gcc/arm-none-eabi/7.3.1/../../../../arm-none-eabi/lib/thumb/v7e-m/fpv4-sp/hard\libc_nano.a(lib_a-init.o)
 .ARM.attributes
                0x0000000000000390       0x34 c:/program files/st/stm32cubeide_1.3.0/stm32cubeide/plugins/com.st.stm32cube.ide.mcu.externaltools.gnu-tools-for-stm32.7-2018-q2-update.win32_1.0.0.201904181610/tools/bin/../lib/gcc/arm-none-eabi/7.3.1/../../../../arm-none-eabi/lib/thumb/v7e-m/fpv4-sp/hard\libc_nano.a(lib_a-memset.o)
 .ARM.attributes
                0x00000000000003c4       0x22 c:/program files/st/stm32cubeide_1.3.0/stm32cubeide/plugins/com.st.stm32cube.ide.mcu.externaltools.gnu-tools-for-stm32.7-2018-q2-update.win32_1.0.0.201904181610/tools/bin/../lib/gcc/arm-none-eabi/7.3.1/thumb/v7e-m/fpv4-sp/hard/crtn.o
OUTPUT(NUCLEO-F334R8.elf elf32-littlearm)

.debug_info     0x0000000000000000     0xcdb8
 .debug_info    0x0000000000000000      0x782 Drivers/STM32F3xx_HAL_Driver/Src/stm32f3xx_hal.o
 .debug_info    0x0000000000000782     0x1571 Drivers/STM32F3xx_HAL_Driver/Src/stm32f3xx_hal_adc_ex.o
 .debug_info    0x0000000000001cf3      0xb7e Drivers/STM32F3xx_HAL_Driver/Src/stm32f3xx_hal_cortex.o
 .debug_info    0x0000000000002871      0x7b2 Drivers/STM32F3xx_HAL_Driver/Src/stm32f3xx_hal_gpio.o
 .debug_info    0x0000000000003023     0x180f Drivers/STM32F3xx_HAL_Driver/Src/stm32f3xx_hal_rcc.o
 .debug_info    0x0000000000004832      0x61f Drivers/STM32F3xx_HAL_Driver/Src/stm32f3xx_hal_rcc_ex.o
 .debug_info    0x0000000000004e51     0x2648 Drivers/STM32F3xx_HAL_Driver/Src/stm32f3xx_hal_tim.o
 .debug_info    0x0000000000007499     0x11d7 Drivers/STM32F3xx_HAL_Driver/Src/stm32f3xx_hal_tim_ex.o
 .debug_info    0x0000000000008670     0x133b Drivers/STM32F3xx_HAL_Driver/Src/stm32f3xx_hal_usart.o
 .debug_info    0x00000000000099ab     0x1cd1 Src/main.o
 .debug_info    0x000000000000b67c     0x10b1 Src/stm32f3xx_hal_msp.o
 .debug_info    0x000000000000c72d      0x20d Src/stm32f3xx_it.o
 .debug_info    0x000000000000c93a      0x45c Src/system_stm32f3xx.o
 .debug_info    0x000000000000cd96       0x22 Startup/startup_stm32f334r8tx.o

.debug_abbrev   0x0000000000000000     0x1a45
 .debug_abbrev  0x0000000000000000      0x1c7 Drivers/STM32F3xx_HAL_Driver/Src/stm32f3xx_hal.o
 .debug_abbrev  0x00000000000001c7      0x225 Drivers/STM32F3xx_HAL_Driver/Src/stm32f3xx_hal_adc_ex.o
 .debug_abbrev  0x00000000000003ec      0x2d5 Drivers/STM32F3xx_HAL_Driver/Src/stm32f3xx_hal_cortex.o
 .debug_abbrev  0x00000000000006c1      0x1c0 Drivers/STM32F3xx_HAL_Driver/Src/stm32f3xx_hal_gpio.o
 .debug_abbrev  0x0000000000000881      0x28c Drivers/STM32F3xx_HAL_Driver/Src/stm32f3xx_hal_rcc.o
 .debug_abbrev  0x0000000000000b0d      0x208 Drivers/STM32F3xx_HAL_Driver/Src/stm32f3xx_hal_rcc_ex.o
 .debug_abbrev  0x0000000000000d15      0x230 Drivers/STM32F3xx_HAL_Driver/Src/stm32f3xx_hal_tim.o
 .debug_abbrev  0x0000000000000f45      0x21e Drivers/STM32F3xx_HAL_Driver/Src/stm32f3xx_hal_tim_ex.o
 .debug_abbrev  0x0000000000001163      0x21f Drivers/STM32F3xx_HAL_Driver/Src/stm32f3xx_hal_usart.o
 .debug_abbrev  0x0000000000001382      0x2b7 Src/main.o
 .debug_abbrev  0x0000000000001639      0x209 Src/stm32f3xx_hal_msp.o
 .debug_abbrev  0x0000000000001842       0xc6 Src/stm32f3xx_it.o
 .debug_abbrev  0x0000000000001908      0x12b Src/system_stm32f3xx.o
 .debug_abbrev  0x0000000000001a33       0x12 Startup/startup_stm32f334r8tx.o

.debug_aranges  0x0000000000000000      0xc78
 .debug_aranges
                0x0000000000000000       0xe0 Drivers/STM32F3xx_HAL_Driver/Src/stm32f3xx_hal.o
 .debug_aranges
                0x00000000000000e0      0x168 Drivers/STM32F3xx_HAL_Driver/Src/stm32f3xx_hal_adc_ex.o
 .debug_aranges
                0x0000000000000248      0x100 Drivers/STM32F3xx_HAL_Driver/Src/stm32f3xx_hal_cortex.o
 .debug_aranges
                0x0000000000000348       0x58 Drivers/STM32F3xx_HAL_Driver/Src/stm32f3xx_hal_gpio.o
 .debug_aranges
                0x00000000000003a0       0x88 Drivers/STM32F3xx_HAL_Driver/Src/stm32f3xx_hal_rcc.o
 .debug_aranges
                0x0000000000000428       0x38 Drivers/STM32F3xx_HAL_Driver/Src/stm32f3xx_hal_rcc_ex.o
 .debug_aranges
                0x0000000000000460      0x3c8 Drivers/STM32F3xx_HAL_Driver/Src/stm32f3xx_hal_tim.o
 .debug_aranges
                0x0000000000000828      0x160 Drivers/STM32F3xx_HAL_Driver/Src/stm32f3xx_hal_tim_ex.o
 .debug_aranges
                0x0000000000000988      0x180 Drivers/STM32F3xx_HAL_Driver/Src/stm32f3xx_hal_usart.o
 .debug_aranges
                0x0000000000000b08       0x68 Src/main.o
 .debug_aranges
                0x0000000000000b70       0x58 Src/stm32f3xx_hal_msp.o
 .debug_aranges
                0x0000000000000bc8       0x60 Src/stm32f3xx_it.o
 .debug_aranges
                0x0000000000000c28       0x28 Src/system_stm32f3xx.o
 .debug_aranges
                0x0000000000000c50       0x28 Startup/startup_stm32f334r8tx.o

.debug_ranges   0x0000000000000000      0xba0
 .debug_ranges  0x0000000000000000       0xd0 Drivers/STM32F3xx_HAL_Driver/Src/stm32f3xx_hal.o
 .debug_ranges  0x00000000000000d0      0x158 Drivers/STM32F3xx_HAL_Driver/Src/stm32f3xx_hal_adc_ex.o
 .debug_ranges  0x0000000000000228       0xf0 Drivers/STM32F3xx_HAL_Driver/Src/stm32f3xx_hal_cortex.o
 .debug_ranges  0x0000000000000318       0x48 Drivers/STM32F3xx_HAL_Driver/Src/stm32f3xx_hal_gpio.o
 .debug_ranges  0x0000000000000360       0x78 Drivers/STM32F3xx_HAL_Driver/Src/stm32f3xx_hal_rcc.o
 .debug_ranges  0x00000000000003d8       0x28 Drivers/STM32F3xx_HAL_Driver/Src/stm32f3xx_hal_rcc_ex.o
 .debug_ranges  0x0000000000000400      0x3b8 Drivers/STM32F3xx_HAL_Driver/Src/stm32f3xx_hal_tim.o
 .debug_ranges  0x00000000000007b8      0x150 Drivers/STM32F3xx_HAL_Driver/Src/stm32f3xx_hal_tim_ex.o
 .debug_ranges  0x0000000000000908      0x170 Drivers/STM32F3xx_HAL_Driver/Src/stm32f3xx_hal_usart.o
 .debug_ranges  0x0000000000000a78       0x58 Src/main.o
 .debug_ranges  0x0000000000000ad0       0x48 Src/stm32f3xx_hal_msp.o
 .debug_ranges  0x0000000000000b18       0x50 Src/stm32f3xx_it.o
 .debug_ranges  0x0000000000000b68       0x18 Src/system_stm32f3xx.o
 .debug_ranges  0x0000000000000b80       0x20 Startup/startup_stm32f334r8tx.o

.debug_macro    0x0000000000000000    0x1ce30
 .debug_macro   0x0000000000000000      0x1fa Drivers/STM32F3xx_HAL_Driver/Src/stm32f3xx_hal.o
 .debug_macro   0x00000000000001fa      0xa5a Drivers/STM32F3xx_HAL_Driver/Src/stm32f3xx_hal.o
 .debug_macro   0x0000000000000c54      0x15d Drivers/STM32F3xx_HAL_Driver/Src/stm32f3xx_hal.o
 .debug_macro   0x0000000000000db1       0x2e Drivers/STM32F3xx_HAL_Driver/Src/stm32f3xx_hal.o
 .debug_macro   0x0000000000000ddf       0x28 Drivers/STM32F3xx_HAL_Driver/Src/stm32f3xx_hal.o
 .debug_macro   0x0000000000000e07       0x22 Drivers/STM32F3xx_HAL_Driver/Src/stm32f3xx_hal.o
 .debug_macro   0x0000000000000e29       0x8e Drivers/STM32F3xx_HAL_Driver/Src/stm32f3xx_hal.o
 .debug_macro   0x0000000000000eb7       0x51 Drivers/STM32F3xx_HAL_Driver/Src/stm32f3xx_hal.o
 .debug_macro   0x0000000000000f08       0xef Drivers/STM32F3xx_HAL_Driver/Src/stm32f3xx_hal.o
 .debug_macro   0x0000000000000ff7       0x6a Drivers/STM32F3xx_HAL_Driver/Src/stm32f3xx_hal.o
 .debug_macro   0x0000000000001061      0x1df Drivers/STM32F3xx_HAL_Driver/Src/stm32f3xx_hal.o
 .debug_macro   0x0000000000001240       0x1c Drivers/STM32F3xx_HAL_Driver/Src/stm32f3xx_hal.o
 .debug_macro   0x000000000000125c       0x22 Drivers/STM32F3xx_HAL_Driver/Src/stm32f3xx_hal.o
 .debug_macro   0x000000000000127e       0xdf Drivers/STM32F3xx_HAL_Driver/Src/stm32f3xx_hal.o
 .debug_macro   0x000000000000135d      0xf07 Drivers/STM32F3xx_HAL_Driver/Src/stm32f3xx_hal.o
 .debug_macro   0x0000000000002264    0x15464 Drivers/STM32F3xx_HAL_Driver/Src/stm32f3xx_hal.o
 .debug_macro   0x00000000000176c8       0x43 Drivers/STM32F3xx_HAL_Driver/Src/stm32f3xx_hal.o
 .debug_macro   0x000000000001770b      0x174 Drivers/STM32F3xx_HAL_Driver/Src/stm32f3xx_hal.o
 .debug_macro   0x000000000001787f       0x53 Drivers/STM32F3xx_HAL_Driver/Src/stm32f3xx_hal.o
 .debug_macro   0x00000000000178d2      0x8f9 Drivers/STM32F3xx_HAL_Driver/Src/stm32f3xx_hal.o
 .debug_macro   0x00000000000181cb      0x358 Drivers/STM32F3xx_HAL_Driver/Src/stm32f3xx_hal.o
 .debug_macro   0x0000000000018523      0x12f Drivers/STM32F3xx_HAL_Driver/Src/stm32f3xx_hal.o
 .debug_macro   0x0000000000018652      0x130 Drivers/STM32F3xx_HAL_Driver/Src/stm32f3xx_hal.o
 .debug_macro   0x0000000000018782      0x1d5 Drivers/STM32F3xx_HAL_Driver/Src/stm32f3xx_hal.o
 .debug_macro   0x0000000000018957      0x1bc Drivers/STM32F3xx_HAL_Driver/Src/stm32f3xx_hal.o
 .debug_macro   0x0000000000018b13       0x34 Drivers/STM32F3xx_HAL_Driver/Src/stm32f3xx_hal.o
 .debug_macro   0x0000000000018b47       0x3c Drivers/STM32F3xx_HAL_Driver/Src/stm32f3xx_hal.o
 .debug_macro   0x0000000000018b83       0x57 Drivers/STM32F3xx_HAL_Driver/Src/stm32f3xx_hal.o
 .debug_macro   0x0000000000018bda      0x845 Drivers/STM32F3xx_HAL_Driver/Src/stm32f3xx_hal.o
 .debug_macro   0x000000000001941f       0x77 Drivers/STM32F3xx_HAL_Driver/Src/stm32f3xx_hal.o
 .debug_macro   0x0000000000019496       0xc5 Drivers/STM32F3xx_HAL_Driver/Src/stm32f3xx_hal.o
 .debug_macro   0x000000000001955b      0x19f Drivers/STM32F3xx_HAL_Driver/Src/stm32f3xx_hal.o
 .debug_macro   0x00000000000196fa      0x22c Drivers/STM32F3xx_HAL_Driver/Src/stm32f3xx_hal.o
 .debug_macro   0x0000000000019926       0x58 Drivers/STM32F3xx_HAL_Driver/Src/stm32f3xx_hal.o
 .debug_macro   0x000000000001997e       0xa5 Drivers/STM32F3xx_HAL_Driver/Src/stm32f3xx_hal.o
 .debug_macro   0x0000000000019a23       0x81 Drivers/STM32F3xx_HAL_Driver/Src/stm32f3xx_hal.o
 .debug_macro   0x0000000000019aa4       0xd3 Drivers/STM32F3xx_HAL_Driver/Src/stm32f3xx_hal.o
 .debug_macro   0x0000000000019b77      0x9e9 Drivers/STM32F3xx_HAL_Driver/Src/stm32f3xx_hal.o
 .debug_macro   0x000000000001a560       0x59 Drivers/STM32F3xx_HAL_Driver/Src/stm32f3xx_hal.o
 .debug_macro   0x000000000001a5b9      0x295 Drivers/STM32F3xx_HAL_Driver/Src/stm32f3xx_hal.o
 .debug_macro   0x000000000001a84e       0x31 Drivers/STM32F3xx_HAL_Driver/Src/stm32f3xx_hal.o
 .debug_macro   0x000000000001a87f      0x2a1 Drivers/STM32F3xx_HAL_Driver/Src/stm32f3xx_hal.o
 .debug_macro   0x000000000001ab20      0x200 Drivers/STM32F3xx_HAL_Driver/Src/stm32f3xx_hal_adc_ex.o
 .debug_macro   0x000000000001ad20      0x1d6 Drivers/STM32F3xx_HAL_Driver/Src/stm32f3xx_hal_cortex.o
 .debug_macro   0x000000000001aef6      0x20e Drivers/STM32F3xx_HAL_Driver/Src/stm32f3xx_hal_gpio.o
 .debug_macro   0x000000000001b104      0x1fa Drivers/STM32F3xx_HAL_Driver/Src/stm32f3xx_hal_rcc.o
 .debug_macro   0x000000000001b2fe      0x1d6 Drivers/STM32F3xx_HAL_Driver/Src/stm32f3xx_hal_rcc_ex.o
 .debug_macro   0x000000000001b4d4      0x1d7 Drivers/STM32F3xx_HAL_Driver/Src/stm32f3xx_hal_tim.o
 .debug_macro   0x000000000001b6ab      0x1d6 Drivers/STM32F3xx_HAL_Driver/Src/stm32f3xx_hal_tim_ex.o
 .debug_macro   0x000000000001b881      0x201 Drivers/STM32F3xx_HAL_Driver/Src/stm32f3xx_hal_usart.o
 .debug_macro   0x000000000001ba82      0x343 Src/main.o
 .debug_macro   0x000000000001bdc5       0x58 Src/main.o
 .debug_macro   0x000000000001be1d       0x46 Src/main.o
 .debug_macro   0x000000000001be63       0x18 Src/main.o
 .debug_macro   0x000000000001be7b       0x3c Src/main.o
 .debug_macro   0x000000000001beb7       0x34 Src/main.o
 .debug_macro   0x000000000001beeb       0x16 Src/main.o
 .debug_macro   0x000000000001bf01       0x35 Src/main.o
 .debug_macro   0x000000000001bf36      0x32a Src/main.o
 .debug_macro   0x000000000001c260       0x10 Src/main.o
 .debug_macro   0x000000000001c270       0x52 Src/main.o
 .debug_macro   0x000000000001c2c2       0x1f Src/main.o
 .debug_macro   0x000000000001c2e1       0x43 Src/main.o
 .debug_macro   0x000000000001c324       0x20 Src/main.o
 .debug_macro   0x000000000001c344      0x1a3 Src/main.o
 .debug_macro   0x000000000001c4e7       0x10 Src/main.o
 .debug_macro   0x000000000001c4f7       0x1c Src/main.o
 .debug_macro   0x000000000001c513       0x52 Src/main.o
 .debug_macro   0x000000000001c565       0x40 Src/main.o
 .debug_macro   0x000000000001c5a5       0x10 Src/main.o
 .debug_macro   0x000000000001c5b5       0x40 Src/main.o
 .debug_macro   0x000000000001c5f5       0xd7 Src/main.o
 .debug_macro   0x000000000001c6cc       0x1c Src/main.o
 .debug_macro   0x000000000001c6e8       0x3d Src/main.o
 .debug_macro   0x000000000001c725       0x16 Src/main.o
 .debug_macro   0x000000000001c73b      0x145 Src/main.o
 .debug_macro   0x000000000001c880      0x1e5 Src/stm32f3xx_hal_msp.o
 .debug_macro   0x000000000001ca65      0x1ef Src/stm32f3xx_it.o
 .debug_macro   0x000000000001cc54      0x1dc Src/system_stm32f3xx.o

.debug_line     0x0000000000000000     0xa4ae
 .debug_line    0x0000000000000000      0x90c Drivers/STM32F3xx_HAL_Driver/Src/stm32f3xx_hal.o
 .debug_line    0x000000000000090c     0x14e8 Drivers/STM32F3xx_HAL_Driver/Src/stm32f3xx_hal_adc_ex.o
 .debug_line    0x0000000000001df4      0x9e3 Drivers/STM32F3xx_HAL_Driver/Src/stm32f3xx_hal_cortex.o
 .debug_line    0x00000000000027d7      0x8ad Drivers/STM32F3xx_HAL_Driver/Src/stm32f3xx_hal_gpio.o
 .debug_line    0x0000000000003084      0xe84 Drivers/STM32F3xx_HAL_Driver/Src/stm32f3xx_hal_rcc.o
 .debug_line    0x0000000000003f08      0x8f2 Drivers/STM32F3xx_HAL_Driver/Src/stm32f3xx_hal_rcc_ex.o
 .debug_line    0x00000000000047fa     0x1b37 Drivers/STM32F3xx_HAL_Driver/Src/stm32f3xx_hal_tim.o
 .debug_line    0x0000000000006331      0xdba Drivers/STM32F3xx_HAL_Driver/Src/stm32f3xx_hal_tim_ex.o
 .debug_line    0x00000000000070eb     0x10da Drivers/STM32F3xx_HAL_Driver/Src/stm32f3xx_hal_usart.o
 .debug_line    0x00000000000081c5      0xb41 Src/main.o
 .debug_line    0x0000000000008d06      0x80e Src/stm32f3xx_hal_msp.o
 .debug_line    0x0000000000009514      0x7d0 Src/stm32f3xx_it.o
 .debug_line    0x0000000000009ce4      0x74a Src/system_stm32f3xx.o
 .debug_line    0x000000000000a42e       0x80 Startup/startup_stm32f334r8tx.o

.debug_str      0x0000000000000000    0xacfcd
 .debug_str     0x0000000000000000    0xa5473 Drivers/STM32F3xx_HAL_Driver/Src/stm32f3xx_hal.o
                                      0xa5750 (size before relaxing)
 .debug_str     0x00000000000a5473      0xc57 Drivers/STM32F3xx_HAL_Driver/Src/stm32f3xx_hal_adc_ex.o
                                      0xa5ce2 (size before relaxing)
 .debug_str     0x00000000000a60ca      0x2f4 Drivers/STM32F3xx_HAL_Driver/Src/stm32f3xx_hal_cortex.o
                                      0xa5731 (size before relaxing)
 .debug_str     0x00000000000a63be      0x2d6 Drivers/STM32F3xx_HAL_Driver/Src/stm32f3xx_hal_gpio.o
                                      0xa5362 (size before relaxing)
 .debug_str     0x00000000000a6694      0x414 Drivers/STM32F3xx_HAL_Driver/Src/stm32f3xx_hal_rcc.o
                                      0xa54f8 (size before relaxing)
 .debug_str     0x00000000000a6aa8      0x194 Drivers/STM32F3xx_HAL_Driver/Src/stm32f3xx_hal_rcc_ex.o
                                      0xa5221 (size before relaxing)
 .debug_str     0x00000000000a6c3c     0x105a Drivers/STM32F3xx_HAL_Driver/Src/stm32f3xx_hal_tim.o
                                      0xa628b (size before relaxing)
 .debug_str     0x00000000000a7c96      0x5f0 Drivers/STM32F3xx_HAL_Driver/Src/stm32f3xx_hal_tim_ex.o
                                      0xa5a92 (size before relaxing)
 .debug_str     0x00000000000a8286      0x889 Drivers/STM32F3xx_HAL_Driver/Src/stm32f3xx_hal_usart.o
                                      0xa5aee (size before relaxing)
 .debug_str     0x00000000000a8b0f     0x42fc Src/main.o
                                      0xaa023 (size before relaxing)
 .debug_str     0x00000000000ace0b       0x75 Src/stm32f3xx_hal_msp.o
                                      0xa5a98 (size before relaxing)
 .debug_str     0x00000000000ace80       0xb8 Src/stm32f3xx_it.o
                                      0xa5177 (size before relaxing)
 .debug_str     0x00000000000acf38       0x64 Src/system_stm32f3xx.o
                                      0xa5099 (size before relaxing)
 .debug_str     0x00000000000acf9c       0x31 Startup/startup_stm32f334r8tx.o
                                         0x88 (size before relaxing)

.comment        0x0000000000000000       0x7b
 .comment       0x0000000000000000       0x7b Drivers/STM32F3xx_HAL_Driver/Src/stm32f3xx_hal.o
                                         0x7c (size before relaxing)
 .comment       0x000000000000007b       0x7c Drivers/STM32F3xx_HAL_Driver/Src/stm32f3xx_hal_adc_ex.o
 .comment       0x000000000000007b       0x7c Drivers/STM32F3xx_HAL_Driver/Src/stm32f3xx_hal_cortex.o
 .comment       0x000000000000007b       0x7c Drivers/STM32F3xx_HAL_Driver/Src/stm32f3xx_hal_gpio.o
 .comment       0x000000000000007b       0x7c Drivers/STM32F3xx_HAL_Driver/Src/stm32f3xx_hal_rcc.o
 .comment       0x000000000000007b       0x7c Drivers/STM32F3xx_HAL_Driver/Src/stm32f3xx_hal_rcc_ex.o
 .comment       0x000000000000007b       0x7c Drivers/STM32F3xx_HAL_Driver/Src/stm32f3xx_hal_tim.o
 .comment       0x000000000000007b       0x7c Drivers/STM32F3xx_HAL_Driver/Src/stm32f3xx_hal_tim_ex.o
 .comment       0x000000000000007b       0x7c Drivers/STM32F3xx_HAL_Driver/Src/stm32f3xx_hal_usart.o
 .comment       0x000000000000007b       0x7c Src/main.o
 .comment       0x000000000000007b       0x7c Src/stm32f3xx_hal_msp.o
 .comment       0x000000000000007b       0x7c Src/stm32f3xx_it.o
 .comment       0x000000000000007b       0x7c Src/system_stm32f3xx.o

.debug_frame    0x0000000000000000     0x345c
 .debug_frame   0x0000000000000000      0x334 Drivers/STM32F3xx_HAL_Driver/Src/stm32f3xx_hal.o
 .debug_frame   0x0000000000000334      0x638 Drivers/STM32F3xx_HAL_Driver/Src/stm32f3xx_hal_adc_ex.o
 .debug_frame   0x000000000000096c      0x428 Drivers/STM32F3xx_HAL_Driver/Src/stm32f3xx_hal_cortex.o
 .debug_frame   0x0000000000000d94      0x14c Drivers/STM32F3xx_HAL_Driver/Src/stm32f3xx_hal_gpio.o
 .debug_frame   0x0000000000000ee0      0x214 Drivers/STM32F3xx_HAL_Driver/Src/stm32f3xx_hal_rcc.o
 .debug_frame   0x00000000000010f4       0xb4 Drivers/STM32F3xx_HAL_Driver/Src/stm32f3xx_hal_rcc_ex.o
 .debug_frame   0x00000000000011a8     0x1190 Drivers/STM32F3xx_HAL_Driver/Src/stm32f3xx_hal_tim.o
 .debug_frame   0x0000000000002338      0x610 Drivers/STM32F3xx_HAL_Driver/Src/stm32f3xx_hal_tim_ex.o
 .debug_frame   0x0000000000002948      0x6c0 Drivers/STM32F3xx_HAL_Driver/Src/stm32f3xx_hal_usart.o
 .debug_frame   0x0000000000003008      0x16c Src/main.o
 .debug_frame   0x0000000000003174      0x138 Src/stm32f3xx_hal_msp.o
 .debug_frame   0x00000000000032ac      0x10c Src/stm32f3xx_it.o
 .debug_frame   0x00000000000033b8       0x58 Src/system_stm32f3xx.o
 .debug_frame   0x0000000000003410       0x2c c:/program files/st/stm32cubeide_1.3.0/stm32cubeide/plugins/com.st.stm32cube.ide.mcu.externaltools.gnu-tools-for-stm32.7-2018-q2-update.win32_1.0.0.201904181610/tools/bin/../lib/gcc/arm-none-eabi/7.3.1/../../../../arm-none-eabi/lib/thumb/v7e-m/fpv4-sp/hard\libc_nano.a(lib_a-init.o)
 .debug_frame   0x000000000000343c       0x20 c:/program files/st/stm32cubeide_1.3.0/stm32cubeide/plugins/com.st.stm32cube.ide.mcu.externaltools.gnu-tools-for-stm32.7-2018-q2-update.win32_1.0.0.201904181610/tools/bin/../lib/gcc/arm-none-eabi/7.3.1/../../../../arm-none-eabi/lib/thumb/v7e-m/fpv4-sp/hard\libc_nano.a(lib_a-memset.o)
